src/components/InventoryAnalytics/StockLevels/StockLevelsTable.tsx(63,21): error TS2367: This comparison appears to be unintentional because the types 'StockStatus' and '"URGENT"' have no overlap.
src/components/InventoryAnalytics/StockLevels/StockLevelsTable.tsx(64,21): error TS2367: This comparison appears to be unintentional because the types '"IN_STOCK" | "LOW_STOCK" | "OVERSTOCK"' and '"HIGH"' have no overlap.
src/components/InventoryAnalytics/StockLevels/StockLevelsTable.tsx(64,62): error TS2367: This comparison appears to be unintentional because the types '"IN_STOCK" | "OVERSTOCK"' and '"MEDIUM"' have no overlap.
src/components/auth/PermissionGuard.tsx(60,14): error TS2741: Property 'className' is missing in type '{ children: string; variant: string; onClick: () => void | Promise<void>; }' but required in type '{ [x: string]: any; className: any; variant?: string | undefined; size?: string | undefined; loading?: boolean | undefined; block?: boolean | undefined; circular?: boolean | undefined; pill?: boolean | undefined; asChild?: boolean | undefined; }'.
src/components/auth/PermissionGuard.tsx(63,14): error TS2741: Property 'className' is missing in type '{ children: string; onClick: () => void | Promise<void>; }' but required in type '{ [x: string]: any; className: any; variant?: string | undefined; size?: string | undefined; loading?: boolean | undefined; block?: boolean | undefined; circular?: boolean | undefined; pill?: boolean | undefined; asChild?: boolean | undefined; }'.
src/components/auth/RoleGuard.tsx(75,14): error TS2741: Property 'className' is missing in type '{ children: string; variant: string; onClick: () => void | Promise<void>; }' but required in type '{ [x: string]: any; className: any; variant?: string | undefined; size?: string | undefined; loading?: boolean | undefined; block?: boolean | undefined; circular?: boolean | undefined; pill?: boolean | undefined; asChild?: boolean | undefined; }'.
src/components/auth/RoleGuard.tsx(78,14): error TS2741: Property 'className' is missing in type '{ children: string; onClick: () => void | Promise<void>; }' but required in type '{ [x: string]: any; className: any; variant?: string | undefined; size?: string | undefined; loading?: boolean | undefined; block?: boolean | undefined; circular?: boolean | undefined; pill?: boolean | undefined; asChild?: boolean | undefined; }'.
src/components/sales/RegisterSalePaymentModal.tsx(1,8): error TS6133: 'React' is declared but its value is never read.
src/components/sales/RegisterSalePaymentModal.tsx(75,10): error TS6133: 'amountReceivedError' is declared but its value is never read.
src/components/sales/RegisterSalePaymentModal.tsx(76,10): error TS6133: 'amountToApplyError' is declared but its value is never read.
src/components/sales/RegisterSalePaymentModal.tsx(257,27): error TS2339: Property 'message' does not exist on type '{}'.
src/components/ui/ProductSearchInput.tsx(97,17): error TS2769: No overload matches this call.
  Overload 1 of 2, '(predicate: (value: ProductEnriched, index: number, array: ProductEnriched[]) => value is ProductEnriched, thisArg?: any): ProductEnriched[]', gave the following error.
    Argument of type '(p: Record<string, unknown>) => boolean' is not assignable to parameter of type '(value: ProductEnriched, index: number, array: ProductEnriched[]) => value is ProductEnriched'.
      Types of parameters 'p' and 'value' are incompatible.
        Type 'ProductEnriched' is not assignable to type 'Record<string, unknown>'.
          Index signature for type 'string' is missing in type 'ProductEnriched'.
  Overload 2 of 2, '(predicate: (value: ProductEnriched, index: number, array: ProductEnriched[]) => unknown, thisArg?: any): ProductEnriched[]', gave the following error.
    Argument of type '(p: Record<string, unknown>) => boolean' is not assignable to parameter of type '(value: ProductEnriched, index: number, array: ProductEnriched[]) => unknown'.
      Types of parameters 'p' and 'value' are incompatible.
        Type 'ProductEnriched' is not assignable to type 'Record<string, unknown>'.
          Index signature for type 'string' is missing in type 'ProductEnriched'.
src/components/ui/ProductSearchInput.tsx(102,14): error TS2345: Argument of type '(p: Record<string, unknown>) => ProductSearchResult' is not assignable to parameter of type '(value: ProductEnriched, index: number, array: ProductEnriched[]) => ProductSearchResult'.
  Types of parameters 'p' and 'value' are incompatible.
    Type 'ProductEnriched' is not assignable to type 'Record<string, unknown>'.
      Index signature for type 'string' is missing in type 'ProductEnriched'.
src/components/users/UserModal.tsx(1,8): error TS6133: 'React' is declared but its value is never read.
src/components/users/UserModal.tsx(31,1): error TS6133: 'cn' is declared but its value is never read.
src/config/demoAuth.ts(65,24): error TS2339: Property 'env' does not exist on type 'ImportMeta'.
src/config/demoAuth.ts(66,26): error TS2339: Property 'env' does not exist on type 'ImportMeta'.
src/config/demoAuth.ts(67,32): error TS2339: Property 'env' does not exist on type 'ImportMeta'.
src/config/demoAuth.ts(72,17): error TS2339: Property 'env' does not exist on type 'ImportMeta'.
src/config/demoAuth.ts(73,59): error TS2339: Property 'env' does not exist on type 'ImportMeta'.
src/config/demoAuth.ts(74,50): error TS2339: Property 'env' does not exist on type 'ImportMeta'.
src/features/branches/components/BranchModal.tsx(100,9): error TS2353: Object literal may only specify known properties, and 'is_active' does not exist in type 'SetStateAction<Partial<CreateBranchRequest>>'.
src/features/profile/components/ProfileHeader.tsx(30,18): error TS2741: Property 'color' is missing in type '{ children: ("" | Element | undefined)[]; className: string; }' but required in type '{ [x: string]: any; className: any; size?: number | undefined; color: any; }'.
src/hooks/useInfoProducts.ts(30,24): error TS2339: Property 'limit' does not exist on type '{}'.
src/hooks/useInfoProducts.ts(31,25): error TS2339: Property 'signal' does not exist on type '{}'.
src/hooks/useInfoProducts.ts(36,24): error TS18046: 'error' is of type 'unknown'.
src/hooks/useInfoProducts.ts(58,24): error TS18046: 'error' is of type 'unknown'.
src/hooks/useInfoProducts.ts(80,24): error TS18046: 'error' is of type 'unknown'.
src/hooks/useProductDetail.ts(38,32): error TS2339: Property 'getProductByIdInfo' does not exist on type '{ getProductsPaginated(page?: number, pageSize?: number, options?: any): Promise<ProductEnriched[]>; getAll(): Promise<ProductEnriched[]>; ... 22 more ...; getCategories(): Promise<...>; }'.
src/hooks/useProductDetail.ts(39,32): error TS2339: Property 'getProductById' does not exist on type '{ getProductsPaginated(page?: number, pageSize?: number, options?: any): Promise<ProductEnriched[]>; getAll(): Promise<ProductEnriched[]>; ... 22 more ...; getCategories(): Promise<...>; }'.
src/hooks/useProductDetail.ts(64,51): error TS2339: Property 'updateProduct' does not exist on type '{ getProductsPaginated(page?: number, pageSize?: number, options?: any): Promise<ProductEnriched[]>; getAll(): Promise<ProductEnriched[]>; ... 22 more ...; getCategories(): Promise<...>; }'.
src/hooks/useProductSearch.ts(115,17): error TS2769: No overload matches this call.
  Overload 1 of 2, '(predicate: (value: ProductEnriched, index: number, array: ProductEnriched[]) => value is ProductEnriched, thisArg?: any): ProductEnriched[]', gave the following error.
    Argument of type '(p: Record<string, unknown>) => boolean' is not assignable to parameter of type '(value: ProductEnriched, index: number, array: ProductEnriched[]) => value is ProductEnriched'.
      Types of parameters 'p' and 'value' are incompatible.
        Type 'ProductEnriched' is not assignable to type 'Record<string, unknown>'.
          Index signature for type 'string' is missing in type 'ProductEnriched'.
  Overload 2 of 2, '(predicate: (value: ProductEnriched, index: number, array: ProductEnriched[]) => unknown, thisArg?: any): ProductEnriched[]', gave the following error.
    Argument of type '(p: Record<string, unknown>) => boolean' is not assignable to parameter of type '(value: ProductEnriched, index: number, array: ProductEnriched[]) => unknown'.
      Types of parameters 'p' and 'value' are incompatible.
        Type 'ProductEnriched' is not assignable to type 'Record<string, unknown>'.
          Index signature for type 'string' is missing in type 'ProductEnriched'.
src/hooks/useProductSearch.ts(120,14): error TS2345: Argument of type '(p: Record<string, unknown>) => ProductSearchResult' is not assignable to parameter of type '(value: ProductEnriched, index: number, array: ProductEnriched[]) => ProductSearchResult'.
  Types of parameters 'p' and 'value' are incompatible.
    Type 'ProductEnriched' is not assignable to type 'Record<string, unknown>'.
      Index signature for type 'string' is missing in type 'ProductEnriched'.
src/hooks/useProductSearch.ts(154,43): error TS2339: Property 'getProductByBarcode' does not exist on type '{ getProductsPaginated(page?: number, pageSize?: number, options?: any): Promise<ProductEnriched[]>; getAll(): Promise<ProductEnriched[]>; ... 22 more ...; getCategories(): Promise<...>; }'.
src/hooks/useReservationHistory.ts(28,65): error TS2339: Property 'reservations' does not exist on type 'never'.
src/hooks/useReservationHistory.ts(39,90): error TS2339: Property 'issues' does not exist on type 'never'.
src/main.tsx(6,1): error TS6133: 'StrictMode' is declared but its value is never read.
src/main.tsx(26,12): error TS2345: Argument of type 'HTMLElement | null' is not assignable to parameter of type 'Container'.
  Type 'null' is not assignable to type 'Container'.
src/pages/AuditUserActivity.tsx(1,8): error TS6133: 'React' is declared but its value is never read.
src/pages/BranchManagement.tsx(189,64): error TS2322: Type '{ type: string; }' is not assignable to type 'IntrinsicAttributes & DataStateProps'.
  Property 'type' does not exist on type 'IntrinsicAttributes & DataStateProps'.
src/pages/BranchManagement.tsx(191,64): error TS2322: Type '{ type: string; }' is not assignable to type 'IntrinsicAttributes & DataStateProps'.
  Property 'type' does not exist on type 'IntrinsicAttributes & DataStateProps'.
src/pages/BranchManagement.tsx(193,64): error TS2322: Type '{ type: string; }' is not assignable to type 'IntrinsicAttributes & DataStateProps'.
  Property 'type' does not exist on type 'IntrinsicAttributes & DataStateProps'.
src/pages/BranchManagement.tsx(245,26): error TS2741: Property 'inset' is missing in type '{ children: Element[]; onClick: () => void; className: string; }' but required in type '{ [x: string]: any; className: any; inset: any; variant?: string | undefined; }'.
src/pages/BranchManagement.tsx(249,26): error TS2741: Property 'inset' is missing in type '{ children: Element[]; onClick: () => void; className: string; }' but required in type '{ [x: string]: any; className: any; inset: any; variant?: string | undefined; }'.
src/pages/BranchManagement.tsx(253,26): error TS2741: Property 'inset' is missing in type '{ children: Element[]; onClick: () => void; className: string; }' but required in type '{ [x: string]: any; className: any; inset: any; variant?: string | undefined; }'.
src/pages/BranchManagement.tsx(257,26): error TS2741: Property 'className' is missing in type '{}' but required in type '{ [x: string]: any; className: any; }'.
src/pages/BranchManagement.tsx(258,26): error TS2741: Property 'inset' is missing in type '{ children: Element[]; onClick: () => void; className: string; disabled: boolean; }' but required in type '{ [x: string]: any; className: any; inset: any; variant?: string | undefined; }'.
src/pages/BranchManagement.tsx(287,11): error TS2322: Type '"fiscal" | "access" | "general"' is not assignable to type '"info" | "fiscal" | "access" | undefined'.
  Type '"general"' is not assignable to type '"info" | "fiscal" | "access" | undefined'.
src/pages/BranchSelection.tsx(7,21): error TS6133: 'Globe' is declared but its value is never read.
src/pages/BranchSelection.tsx(34,35): error TS2339: Property 'branches' does not exist on type 'PaginatedResponse<Branch>'.
src/pages/BranchSelection.tsx(34,55): error TS2339: Property 'branches' does not exist on type 'PaginatedResponse<Branch>'.
src/pages/BudgetCreate.tsx(28,9): error TS6133: 't' is declared but its value is never read.
src/pages/BudgetCreate.tsx(83,24): error TS2345: Argument of type 'ProductOperationInfoResponse[]' is not assignable to parameter of type 'SetStateAction<Product[]>'.
  Type 'ProductOperationInfoResponse[]' is not assignable to type 'Product[]'.
    Type 'ProductOperationInfoResponse' is missing the following properties from type 'Product': id, name, is_active
src/pages/BudgetCreate.tsx(148,8): error TS2739: Type '{}' is missing the following properties from type '{ toasts: any; onRemoveToast: any; position?: string | undefined; }': toasts, onRemoveToast
src/pages/BudgetDetail.tsx(6,3): error TS6133: 'CheckCircle2' is declared but its value is never read.
src/pages/BudgetDetail.tsx(9,3): error TS6133: 'Calendar' is declared but its value is never read.
src/pages/BudgetDetail.tsx(25,1): error TS6192: All imports in import declaration are unused.
src/pages/BudgetDetail.tsx(36,9): error TS6133: 't' is declared but its value is never read.
src/pages/BudgetDetail.tsx(64,52): error TS2322: Type 'string' is not assignable to type '"PENDING" | "APPROVED" | "REJECTED" | "EXPIRED" | "CONVERTED"'.
src/pages/BudgetDetail.tsx(92,8): error TS2739: Type '{}' is missing the following properties from type '{ toasts: any; onRemoveToast: any; position?: string | undefined; }': toasts, onRemoveToast
src/pages/BudgetDetail.tsx(178,82): error TS18048: 'budget.tax_amount' is possibly 'undefined'.
src/pages/BudgetDetail.tsx(182,60): error TS2345: Argument of type 'number | undefined' is not assignable to parameter of type 'string | number'.
  Type 'undefined' is not assignable to type 'string | number'.
src/pages/BudgetDetail.tsx(228,102): error TS2769: No overload matches this call.
  Overload 1 of 4, '(value: string | number | Date): Date', gave the following error.
    Argument of type 'string | undefined' is not assignable to parameter of type 'string | number | Date'.
      Type 'undefined' is not assignable to type 'string | number | Date'.
  Overload 2 of 4, '(value: string | number): Date', gave the following error.
    Argument of type 'string | undefined' is not assignable to parameter of type 'string | number'.
      Type 'undefined' is not assignable to type 'string | number'.
src/pages/BudgetManagement.tsx(3,3): error TS6133: 'FileText' is declared but its value is never read.
src/pages/BudgetManagement.tsx(6,3): error TS6133: 'MoreVertical' is declared but its value is never read.
src/pages/BudgetManagement.tsx(14,3): error TS6133: 'FileSearch' is declared but its value is never read.
src/pages/BudgetManagement.tsx(16,3): error TS6133: 'Download' is declared but its value is never read.
src/pages/BudgetManagement.tsx(17,3): error TS6133: 'Filter' is declared but its value is never read.
src/pages/BudgetManagement.tsx(24,18): error TS6133: 'PaginatedResponse' is declared but its value is never read.
src/pages/BudgetManagement.tsx(27,1): error TS6192: All imports in import declaration are unused.
src/pages/BudgetManagement.tsx(93,9): error TS2339: Property 'budget_number' does not exist on type 'Budget'.
src/pages/BudgetManagement.tsx(131,8): error TS2739: Type '{}' is missing the following properties from type '{ toasts: any; onRemoveToast: any; position?: string | undefined; }': toasts, onRemoveToast
src/pages/BudgetManagement.tsx(216,90): error TS2339: Property 'budget_number' does not exist on type 'Budget'.
src/pages/BudgetManagement.tsx(235,33): error TS2769: No overload matches this call.
  Overload 1 of 4, '(value: string | number | Date): Date', gave the following error.
    Argument of type 'string | undefined' is not assignable to parameter of type 'string | number | Date'.
      Type 'undefined' is not assignable to type 'string | number | Date'.
  Overload 2 of 4, '(value: string | number): Date', gave the following error.
    Argument of type 'string | undefined' is not assignable to parameter of type 'string | number'.
      Type 'undefined' is not assignable to type 'string | number'.
src/pages/BudgetManagement.tsx(246,26): error TS2741: Property 'inset' is missing in type '{ children: (string | Element)[]; className: string; onClick: () => void | Promise<void>; }' but required in type '{ [x: string]: any; className: any; inset: any; variant?: string | undefined; }'.
src/pages/BudgetManagement.tsx(249,26): error TS2741: Property 'inset' is missing in type '{ children: (string | Element)[]; className: string; }' but required in type '{ [x: string]: any; className: any; inset: any; variant?: string | undefined; }'.
src/pages/BudgetManagement.tsx(253,30): error TS2741: Property 'inset' is missing in type '{ children: (string | Element)[]; className: string; onClick: () => Promise<void>; }' but required in type '{ [x: string]: any; className: any; inset: any; variant?: string | undefined; }'.
src/pages/BudgetManagement.tsx(258,26): error TS2741: Property 'inset' is missing in type '{ children: (string | Element)[]; className: string; }' but required in type '{ [x: string]: any; className: any; inset: any; variant?: string | undefined; }'.
src/pages/CashMovements.tsx(512,17): error TS2322: Type 'any[]' is not assignable to type 'never[]'.
  Type 'any' is not assignable to type 'never'.
src/pages/Clients.tsx(1,1): error TS6133: 'React' is declared but its value is never read.
src/pages/InventoryAnalytics/InventoryRisk.tsx(109,118): error TS2345: Argument of type 'number | undefined' is not assignable to parameter of type 'string | number'.
  Type 'undefined' is not assignable to type 'string | number'.
src/pages/InventoryAnalytics/StockLevelsReorder.tsx(28,37): error TS2339: Property 'getReorderAnalysis' does not exist on type '{ getOverview(params?: BIParams): Promise<any>; getStockLevels(params?: BIParams): Promise<any>; getTurnover(params?: BIParams): Promise<...>; getABC(params?: BIParams): Promise<...>; getDeadStock(params?: BIParams & { ...; }): Promise<...>; getForecast(params?: BIParams & { ...; }): Promise<...>; getDashboard(param...'.
src/pages/InventoryAnalytics/StockLevelsReorder.tsx(156,11): error TS2322: Type '(StockLevelProduct | ReorderProduct)[]' is not assignable to type 'StockLevelProduct[]'.
  Type 'StockLevelProduct | ReorderProduct' is not assignable to type 'StockLevelProduct'.
    Type 'ReorderProduct' is missing the following properties from type 'StockLevelProduct': max_stock, status, days_of_stock, unit_cost, and 4 more.
src/pages/Login.tsx(6,8): error TS6133: 'React' is declared but its value is never read.
src/pages/MyProfileAndSecurity.tsx(1,1): error TS6133: 'React' is declared but its value is never read.
src/pages/PartiesPage.tsx(1,8): error TS6133: 'React' is declared but its value is never read.
src/pages/PurchaseRequisitionCreate.tsx(1,27): error TS6133: 'useMemo' is declared but its value is never read.
src/pages/PurchaseRequisitionCreate.tsx(5,3): error TS6133: 'Plus' is declared but its value is never read.
src/pages/PurchaseRequisitionCreate.tsx(9,3): error TS6133: 'AlertCircle' is declared but its value is never read.
src/pages/PurchaseRequisitionCreate.tsx(36,9): error TS6133: 't' is declared but its value is never read.
src/pages/PurchaseRequisitionCreate.tsx(68,24): error TS2345: Argument of type 'ProductEnriched[]' is not assignable to parameter of type 'SetStateAction<Product[]>'.
  Type 'ProductEnriched[]' is not assignable to type 'Product[]'.
    Type 'ProductEnriched' is not assignable to type 'Product'.
      Types of property 'stock_quantity' are incompatible.
        Type 'number | null | undefined' is not assignable to type 'number | undefined'.
          Type 'null' is not assignable to type 'number | undefined'.
src/pages/PurchaseRequisitionCreate.tsx(125,8): error TS2739: Type '{}' is missing the following properties from type '{ toasts: any; onRemoveToast: any; position?: string | undefined; }': toasts, onRemoveToast
src/pages/PurchaseRequisitionCreate.tsx(222,26): error TS2304: Cannot find name 'Badge'.
src/pages/PurchaseRequisitionCreate.tsx(222,76): error TS2339: Property 'category_name' does not exist on type 'Product'.
src/pages/PurchaseRequisitionCreate.tsx(222,92): error TS2304: Cannot find name 'Badge'.
src/pages/PurchaseRequisitionCreate.tsx(270,32): error TS2741: Property 'className' is missing in type '{ children: Element[]; }' but required in type '{ [x: string]: any; className: any; children: any; position?: string | undefined; }'.
src/pages/PurchaseRequisitionDetail.tsx(4,3): error TS6133: 'CheckCircle2' is declared but its value is never read.
src/pages/PurchaseRequisitionDetail.tsx(5,3): error TS6133: 'XCircle' is declared but its value is never read.
src/pages/PurchaseRequisitionDetail.tsx(6,3): error TS6133: 'Clock' is declared but its value is never read.
src/pages/PurchaseRequisitionDetail.tsx(10,3): error TS6133: 'AlertTriangle' is declared but its value is never read.
src/pages/PurchaseRequisitionDetail.tsx(11,3): error TS6133: 'MoreVertical' is declared but its value is never read.
src/pages/PurchaseRequisitionDetail.tsx(29,9): error TS6133: 't' is declared but its value is never read.
src/pages/PurchaseRequisitionDetail.tsx(83,8): error TS2739: Type '{}' is missing the following properties from type '{ toasts: any; onRemoveToast: any; position?: string | undefined; }': toasts, onRemoveToast
src/pages/PurchaseRequisitionList.tsx(3,3): error TS6133: 'ClipboardList' is declared but its value is never read.
src/pages/PurchaseRequisitionList.tsx(6,3): error TS6133: 'MoreVertical' is declared but its value is never read.
src/pages/PurchaseRequisitionList.tsx(9,3): error TS6133: 'CheckCircle2' is declared but its value is never read.
src/pages/PurchaseRequisitionList.tsx(10,3): error TS6133: 'XCircle' is declared but its value is never read.
src/pages/PurchaseRequisitionList.tsx(11,3): error TS6133: 'Clock' is declared but its value is never read.
src/pages/PurchaseRequisitionList.tsx(12,3): error TS6133: 'AlertTriangle' is declared but its value is never read.
src/pages/PurchaseRequisitionList.tsx(13,3): error TS6133: 'ArrowRight' is declared but its value is never read.
src/pages/PurchaseRequisitionList.tsx(14,3): error TS6133: 'Filter' is declared but its value is never read.
src/pages/PurchaseRequisitionList.tsx(15,3): error TS6133: 'FileText' is declared but its value is never read.
src/pages/PurchaseRequisitionList.tsx(59,16): error TS6133: 'setPage' is declared but its value is never read.
src/pages/PurchaseRequisitionList.tsx(109,8): error TS2739: Type '{}' is missing the following properties from type '{ toasts: any; onRemoveToast: any; position?: string | undefined; }': toasts, onRemoveToast
src/pages/PurchaseRequisitionList.tsx(220,26): error TS2741: Property 'inset' is missing in type '{ children: (string | Element)[]; className: string; onClick: () => void | Promise<void>; }' but required in type '{ [x: string]: any; className: any; inset: any; variant?: string | undefined; }'.
src/pages/PurchaseRequisitionList.tsx(223,26): error TS2741: Property 'inset' is missing in type '{ children: (string | Element)[]; className: string; }' but required in type '{ [x: string]: any; className: any; inset: any; variant?: string | undefined; }'.
src/pages/PurchaseRequisitionList.tsx(227,26): error TS2741: Property 'inset' is missing in type '{ children: (string | Element)[]; className: string; }' but required in type '{ [x: string]: any; className: any; inset: any; variant?: string | undefined; }'.
src/pages/Purchases.tsx(281,35): error TS2551: Property 'has_next' does not exist on type '{ page: number; pageSize: number; totalPages: number | null; totalRecords: number | null; hasNext: boolean; hasPrevious: boolean; } | { page: number; pageSize: number; hasNext: boolean; hasPrevious: boolean; }'. Did you mean 'hasNext'?
  Property 'has_next' does not exist on type '{ page: number; pageSize: number; totalPages: number | null; totalRecords: number | null; hasNext: boolean; hasPrevious: boolean; }'.
src/pages/Purchases.tsx(282,35): error TS2339: Property 'hasMore' does not exist on type '{ page: number; pageSize: number; totalPages: number | null; totalRecords: number | null; hasNext: boolean; hasPrevious: boolean; } | { page: number; pageSize: number; hasNext: boolean; hasPrevious: boolean; }'.
  Property 'hasMore' does not exist on type '{ page: number; pageSize: number; totalPages: number | null; totalRecords: number | null; hasNext: boolean; hasPrevious: boolean; }'.
src/pages/Purchases.tsx(284,59): error TS2339: Property 'totalPages' does not exist on type '{ page: number; pageSize: number; totalPages: number | null; totalRecords: number | null; hasNext: boolean; hasPrevious: boolean; } | { page: number; pageSize: number; hasNext: boolean; hasPrevious: boolean; }'.
  Property 'totalPages' does not exist on type '{ page: number; pageSize: number; hasNext: boolean; hasPrevious: boolean; }'.
src/pages/RegisterCashMovement.tsx(230,21): error TS2322: Type '{ value: string; label: string; }' is not assignable to type 'never'.
src/pages/RegisterCashMovement.tsx(231,21): error TS2322: Type '{ value: string; label: string; }' is not assignable to type 'never'.
src/pages/RegisterCashMovement.tsx(232,21): error TS2322: Type '{ value: string; label: string; }' is not assignable to type 'never'.
src/pages/SalesNew.tsx(304,10): error TS6133: 'isSearchingProducts' is declared but its value is never read.
src/pages/SalesNew.tsx(398,57): error TS2339: Property 'toLowerCase' does not exist on type '{}'.
src/pages/SalesNew.tsx(402,32): error TS2769: No overload matches this call.
  Overload 1 of 4, '(value: string | number | Date): Date', gave the following error.
    Argument of type '{}' is not assignable to parameter of type 'string | number | Date'.
  Overload 2 of 4, '(value: string | number): Date', gave the following error.
    Argument of type '{}' is not assignable to parameter of type 'string | number'.
src/pages/SalesNew.tsx(403,32): error TS2769: No overload matches this call.
  Overload 1 of 4, '(value: string | number | Date): Date', gave the following error.
    Argument of type '{}' is not assignable to parameter of type 'string | number | Date'.
  Overload 2 of 4, '(value: string | number): Date', gave the following error.
    Argument of type '{}' is not assignable to parameter of type 'string | number'.
src/pages/SalesNew.tsx(422,58): error TS2571: Object is of type 'unknown'.
src/pages/SalesNew.tsx(433,56): error TS2571: Object is of type 'unknown'.
src/pages/SalesNew.tsx(449,34): error TS2352: Conversion of type 'ProductEnriched[]' to type 'Record<string, unknown>[]' may be a mistake because neither type sufficiently overlaps with the other. If this was intentional, convert the expression to 'unknown' first.
  Type 'ProductEnriched' is not comparable to type 'Record<string, unknown>'.
    Index signature for type 'string' is missing in type 'ProductEnriched'.
src/pages/SalesNew.tsx(645,27): error TS2345: Argument of type 'Set<unknown>' is not assignable to parameter of type 'SetStateAction<Set<number>>'.
  Type 'Set<unknown>' is not assignable to type 'Set<number>'.
    Type 'unknown' is not assignable to type 'number'.
src/pages/SalesNew.tsx(1627,19): error TS2322: Type 'RefObject<HTMLInputElement | null>' is not assignable to type 'RefObject<HTMLInputElement>'.
  Type 'HTMLInputElement | null' is not assignable to type 'HTMLInputElement'.
    Type 'null' is not assignable to type 'HTMLInputElement'.
src/pages/SalesNew.tsx(1677,24): error TS2741: Property 'className' is missing in type '{ children: any; key: any; value: string; }' but required in type '{ [x: string]: any; className: any; children: any; }'.
src/pages/SalesNew.tsx(1696,24): error TS2741: Property 'className' is missing in type '{ children: any; key: any; value: string; }' but required in type '{ [x: string]: any; className: any; children: any; }'.
src/pages/SalesNew.tsx(1729,20): error TS2741: Property 'className' is missing in type '{ children: Element; variant: string; onClick: () => void; }' but required in type '{ [x: string]: any; className: any; variant?: string | undefined; size?: string | undefined; loading?: boolean | undefined; block?: boolean | undefined; circular?: boolean | undefined; pill?: boolean | undefined; asChild?: boolean | undefined; }'.
src/pages/SalesNew.tsx(1758,87): error TS2322: Type '{}' is not assignable to type 'ReactNode'.
src/pages/SalesNew.tsx(1759,84): error TS2345: Argument of type 'unknown' is not assignable to parameter of type 'string | Date | null | undefined'.
src/pages/SalesNew.tsx(1760,65): error TS2322: Type '{}' is not assignable to type 'ReactNode'.
src/pages/SalesNew.tsx(1761,90): error TS2345: Argument of type '{}' is not assignable to parameter of type 'string | number'.
src/pages/SalesNew.tsx(1773,36): error TS2741: Property 'inset' is missing in type '{ children: (string | Element)[]; onClick: () => void; className: string; }' but required in type '{ [x: string]: any; className: any; inset: any; variant?: string | undefined; }'.
src/pages/SalesNew.tsx(1775,38): error TS2741: Property 'inset' is missing in type '{ children: (string | Element)[]; onClick: () => Promise<void>; className: string; }' but required in type '{ [x: string]: any; className: any; inset: any; variant?: string | undefined; }'.
src/pages/SalesNew.tsx(1798,89): error TS2322: Type '{}' is not assignable to type 'ReactNode'.
src/pages/SalesNew.tsx(1799,125): error TS2345: Argument of type 'unknown' is not assignable to parameter of type 'string | Date | null | undefined'.
src/pages/SalesNew.tsx(1809,116): error TS2322: Type '{}' is not assignable to type 'ReactNode'.
src/pages/SalesNew.tsx(1813,112): error TS2345: Argument of type '{}' is not assignable to parameter of type 'string | number'.
src/pages/SalesNew.tsx(1908,61): error TS2345: Argument of type 'string' is not assignable to parameter of type 'SetStateAction<number>'.
src/pages/SalesNew.tsx(1936,27): error TS2322: Type '{ value: string; label: JSX.Element; icon: JSX.Element; }' is not assignable to type 'never'.
src/pages/SalesNew.tsx(1941,27): error TS2322: Type '{ value: string; label: JSX.Element; icon: JSX.Element; }' is not assignable to type 'never'.
src/pages/SalesNew.tsx(1983,24): error TS2741: Property 'className' is missing in type '{ children: (Element | Element[])[]; }' but required in type '{ [x: string]: any; className: any; children: any; position?: string | undefined; }'.
src/pages/SalesNew.tsx(2048,107): error TS2322: Type 'unknown' is not assignable to type 'ReactNode'.
src/pages/SalesOrderDetail.tsx(33,1): error TS6192: All imports in import declaration are unused.
src/pages/SalesOrderDetail.tsx(135,43): error TS2339: Property 'name' does not exist on type 'never'.
src/pages/SalesOrderDetail.tsx(138,43): error TS2339: Property 'document_id' does not exist on type 'never'.
src/pages/SalesOrderDetail.tsx(143,43): error TS2339: Property 'contact' does not exist on type 'never'.
src/pages/UserDetailedProfile.tsx(1,8): error TS6133: 'React' is declared but its value is never read.
src/pages/UserDetailedProfile.tsx(14,1): error TS6133: 'User' is declared but its value is never read.
src/pages/UserDetailedProfile.tsx(62,14): error TS2741: Property 'color' is missing in type '{ children: any[]; className: string; }' but required in type '{ [x: string]: any; className: any; size?: number | undefined; color: any; }'.
src/pages/UserDetailedProfile.tsx(63,36): error TS2741: Property 'className' is missing in type '{ src: any; }' but required in type '{ [x: string]: any; className: any; }'.
src/pages/UserManagementList.tsx(165,18): error TS2741: Property 'inset' is missing in type '{ children: any[]; className: string; onClick: () => any; }' but required in type '{ [x: string]: any; className: any; inset: any; variant?: string | undefined; }'.
src/pages/UserManagementList.tsx(166,18): error TS2741: Property 'className' is missing in type '{}' but required in type '{ [x: string]: any; className: any; }'.
src/pages/UserManagementList.tsx(168,20): error TS2741: Property 'inset' is missing in type '{ children: any; key: any; className: string; onClick: () => any; }' but required in type '{ [x: string]: any; className: any; inset: any; variant?: string | undefined; }'.
src/pages/UserManagementList.tsx(182,18): error TS2741: Property 'inset' is missing in type '{ children: any[]; className: string; onClick: () => any; }' but required in type '{ [x: string]: any; className: any; inset: any; variant?: string | undefined; }'.
src/pages/UserManagementList.tsx(183,18): error TS2741: Property 'className' is missing in type '{}' but required in type '{ [x: string]: any; className: any; }'.
src/pages/UserManagementList.tsx(184,18): error TS2741: Property 'inset' is missing in type '{ children: any; className: string; onClick: () => any; }' but required in type '{ [x: string]: any; className: any; inset: any; variant?: string | undefined; }'.
src/pages/UserManagementList.tsx(185,18): error TS2741: Property 'inset' is missing in type '{ children: any; className: string; onClick: () => any; }' but required in type '{ [x: string]: any; className: any; inset: any; variant?: string | undefined; }'.
src/pages/UserManagementList.tsx(236,22): error TS2741: Property 'color' is missing in type '{ children: ("" | Element | undefined)[]; className: string; }' but required in type '{ [x: string]: any; className: any; size?: number | undefined; color: any; }'.
src/pages/UserManagementList.tsx(237,44): error TS2741: Property 'className' is missing in type '{ src: string; }' but required in type '{ [x: string]: any; className: any; }'.
src/pages/UserManagementList.tsx(270,24): error TS2741: Property 'inset' is missing in type '{ children: any[]; className: string; onClick: () => void | Promise<void>; }' but required in type '{ [x: string]: any; className: any; inset: any; variant?: string | undefined; }'.
src/pages/UserManagementList.tsx(271,24): error TS2741: Property 'inset' is missing in type '{ children: any[]; className: string; onClick: () => void; }' but required in type '{ [x: string]: any; className: any; inset: any; variant?: string | undefined; }'.
src/pages/UserManagementList.tsx(272,24): error TS2741: Property 'className' is missing in type '{}' but required in type '{ [x: string]: any; className: any; }'.
src/pages/UserManagementList.tsx(273,24): error TS2741: Property 'inset' is missing in type '{ children: any[]; className: string; onClick: () => Promise<void>; }' but required in type '{ [x: string]: any; className: any; inset: any; variant?: string | undefined; }'.
src/services/BusinessManagementAPI.ts(294,13): error TS2339: Property 'limit' does not exist on type 'RequestOptions'.
src/services/api.ts(12,1): error TS6133: 'taxClassificationService' is declared but its value is never read.
src/services/api.ts(100,84): error TS2339: Property 'getPricingHistory' does not exist on type '{ getPricingInfo(productId: string, params?: { branch_id?: number | undefined; }): Promise<{ data: any; }>; getCostsHistory(productId: string, params?: { branch_id?: number | undefined; unit?: string | undefined; months?: number | undefined; }): Promise<...>; ... 11 more ...; getCostTransactionById(id: string | numb...'.
src/services/api.ts(101,71): error TS2339: Property 'getProfitabilityAnalysis' does not exist on type '{ getPricingInfo(productId: string, params?: { branch_id?: number | undefined; }): Promise<{ data: any; }>; getCostsHistory(productId: string, params?: { branch_id?: number | undefined; unit?: string | undefined; months?: number | undefined; }): Promise<...>; ... 11 more ...; getCostTransactionById(id: string | numb...'.
src/services/api.ts(102,76): error TS2339: Property 'setUnitPrice' does not exist on type '{ getPricingInfo(productId: string, params?: { branch_id?: number | undefined; }): Promise<{ data: any; }>; getCostsHistory(productId: string, params?: { branch_id?: number | undefined; unit?: string | undefined; months?: number | undefined; }): Promise<...>; ... 11 more ...; getCostTransactionById(id: string | numb...'.
src/services/auditService.ts(2,33): error TS6133: 'mockUserActivity' is declared but its value is never read.
src/services/auditService.ts(4,32): error TS2339: Property 'env' does not exist on type 'ImportMeta'.
src/services/bi/dashboardService.ts(14,11): error TS6133: 'startTime' is declared but its value is never read.
src/services/bi/financialReportsService.ts(2,1): error TS6133: 'telemetry' is declared but its value is never read.
src/services/bi/inventoryAnalyticsService.ts(2,1): error TS6133: 'telemetry' is declared but its value is never read.
src/services/bi/payablesService.ts(2,1): error TS6133: 'telemetry' is declared but its value is never read.
src/services/bi/receivablesService.ts(2,1): error TS6133: 'telemetry' is declared but its value is never read.
src/services/bi/receivablesService.ts(26,31): error TS2353: Object literal may only specify known properties, and 'period' does not exist in type 'BIParams'.
src/services/bi/receivablesService.ts(33,31): error TS2353: Object literal may only specify known properties, and 'period' does not exist in type 'BIParams'.
src/services/bi/salesAnalyticsService.ts(2,1): error TS6133: 'telemetry' is declared but its value is never read.
src/services/productService.ts(7,10): error TS6133: 'ApiError' is declared but its value is never read.
src/services/productService.ts(8,1): error TS6133: 'telemetryService' is declared but its value is never read.
src/services/productService.ts(16,3): error TS6133: 'API_ENDPOINTS' is declared but its value is never read.
src/services/productService.ts(17,3): error TS6133: 'PaginatedResponse' is declared but its value is never read.
src/services/productService.ts(62,18): error TS2339: Property 'name' does not exist on type '{}'.
src/services/productService.ts(100,18): error TS2339: Property 'name' does not exist on type '{}'.
src/services/productService.ts(142,18): error TS2339: Property 'name' does not exist on type '{}'.
src/services/productService.ts(191,18): error TS2339: Property 'name' does not exist on type '{}'.
src/services/purchaseService.ts(296,40): error TS2551: Property 'getPurchaseByIdAndSupplier' does not exist on type 'BusinessManagementAPI'. Did you mean 'getPurchasesBySupplierId'?
src/services/salePaymentService.ts(9,10): error TS6133: 'DEMO_SALES_RESPONSE' is declared but its value is never read.
src/services/saleService.ts(432,21): error TS2304: Cannot find name 'DEMO_SALES_PAYMENTS'.
src/services/saleService.ts(433,45): error TS2304: Cannot find name 'DEMO_SALES_PAYMENTS'.
src/services/taxClassificationService.ts(24,58): error TS2339: Property 'TAX_CLASSIFICATION_INFO' does not exist on type '{ readonly SIGNUP: "/signup"; readonly LOGIN: "/login"; readonly CATEGORIES: "/category/"; readonly PRODUCTS: "/products"; readonly PRODUCTS_BY_ID: (id: string) => string; readonly PRODUCTS_BY_NAME: (name: string) => string; ... 139 more ...; readonly COST_TRANSACTIONS_BY_ID: (id: string | number) => string; }'.
src/services/userService.ts(32,9): error TS2353: Object literal may only specify known properties, and 'success' does not exist in type 'PaginatedResponse<User>'.
src/store/useCashRegisterStore.ts(329,13): error TS2322: Type 'EnrichedCashMovement[]' is not assignable to type 'Movement[]'.
  Property 'id' is missing in type 'EnrichedCashMovement' but required in type 'Movement'.
src/store/useDashboardStore.ts(11,1): error TS6133: 'inventoryAnalyticsService' is declared but its value is never read.
src/store/useDashboardStore.ts(170,59): error TS2559: Type 'string' has no properties in common with type 'BIParams'.
src/store/useDashboardStore.ts(171,17): error TS2739: Type 'KPIData[]' is missing the following properties from type 'DashboardKPIs': sales_kpis, financial_kpis, customer_kpis, inventory_kpis
src/store/useDashboardStore.ts(218,69): error TS2559: Type 'number' has no properties in common with type 'BIParams & { weeks?: number | undefined; }'.
src/store/useDashboardStore.ts(246,46): error TS2345: Argument of type '{ day: number; hour: number; sales_count: number; total_amount: number; }' is not assignable to parameter of type 'never'.
src/store/useDashboardStore.ts(278,76): error TS2554: Expected 0-1 arguments, but got 3.
src/store/useDashboardStore.ts(280,44): error TS2339: Property 'products' does not exist on type 'any[]'.
src/store/useDashboardStore.ts(282,50): error TS2339: Property 'total_revenue' does not exist on type 'any[]'.
src/store/useDashboardStore.ts(283,49): error TS2339: Property 'total_profit' does not exist on type 'any[]'.
src/store/useDashboardStore.ts(334,43): error TS2353: Object literal may only specify known properties, and 'period' does not exist in type 'BIParams'.
src/store/useDashboardStore.ts(338,53): error TS2353: Object literal may only specify known properties, and 'period' does not exist in type 'BIParams'.
src/store/useDashboardStore.ts(356,48): error TS2339: Property 'data' does not exist on type 'DashboardSummary'.
src/store/useDashboardStore.ts(379,33): error TS2339: Property 'data' does not exist on type 'FinancialOverview'.
src/store/useDashboardStore.ts(414,21): error TS2353: Object literal may only specify known properties, and 'trend' does not exist in type '{ total: number; count: number; average_ticket: number; currency: string; }'.
src/store/useProductStore.ts(24,7): error TS6133: '_jitter' is declared but its value is never read.
src/store/useProductStore.ts(209,29): error TS2339: Property 'attempts' does not exist on type '{}'.
src/store/useProductStore.ts(210,30): error TS2339: Property 'baseDelay' does not exist on type '{}'.
src/store/useProductStore.ts(211,35): error TS2339: Property 'telemetryKey' does not exist on type '{}'.
src/store/useProductStore.ts(239,22): error TS2339: Property 'name' does not exist on type '{}'.
src/store/useProductStore.ts(341,53): error TS18046: 'error' is of type 'unknown'.
src/store/useProductStore.ts(378,13): error TS2531: Object is possibly 'null'.
src/store/useProductStore.ts(380,24): error TS2339: Property 'signal' does not exist on type '{}'.
src/store/useProductStore.ts(383,21): error TS2339: Property 'signal' does not exist on type '{}'.
src/store/useProductStore.ts(557,24): error TS2339: Property 'name' does not exist on type '{}'.
src/store/useProductStore.ts(563,22): error TS2339: Property 'name' does not exist on type '{}'.
src/store/useProductStore.ts(574,45): error TS2345: Argument of type 'unknown' is not assignable to parameter of type 'Error'.
src/store/useProductStore.ts(578,33): error TS2345: Argument of type 'unknown' is not assignable to parameter of type 'Error'.
src/store/useProductStore.ts(579,54): error TS2345: Argument of type 'unknown' is not assignable to parameter of type 'Error'.
src/store/useProductStore.ts(628,13): error TS2531: Object is possibly 'null'.
src/store/useProductStore.ts(630,24): error TS2339: Property 'signal' does not exist on type '{}'.
src/store/useProductStore.ts(633,21): error TS2339: Property 'signal' does not exist on type '{}'.
src/store/useProductStore.ts(678,13): error TS2322: Type 'any[]' is not assignable to type 'never[]'.
  Type 'any' is not assignable to type 'never'.
src/store/useProductStore.ts(703,36): error TS2339: Property 'product_id' does not exist on type 'never'.
src/store/useProductStore.ts(703,52): error TS2339: Property 'id' does not exist on type 'never'.
src/store/useProductStore.ts(747,33): error TS2345: Argument of type 'unknown' is not assignable to parameter of type 'Error'.
src/store/useProductStore.ts(748,54): error TS2345: Argument of type 'unknown' is not assignable to parameter of type 'Error'.
src/store/useProductStore.ts(817,40): error TS2339: Property 'force' does not exist on type '{}'.
src/store/useProductStore.ts(840,62): error TS2339: Property 'revalidate' does not exist on type '{}'.
src/store/useProductStore.ts(881,23): error TS2339: Property 'signal' does not exist on type '{}'.
src/store/useProductStore.ts(887,33): error TS2339: Property 'signal' does not exist on type '{}'.
src/store/useProductStore.ts(893,52): error TS2339: Property 'id' does not exist on type 'ProductOperationInfoResponse'.
src/store/useProductStore.ts(984,24): error TS2339: Property 'name' does not exist on type '{}'.
src/store/useProductStore.ts(989,22): error TS2339: Property 'name' does not exist on type '{}'.
src/store/useProductStore.ts(999,45): error TS2345: Argument of type 'unknown' is not assignable to parameter of type 'Error'.
src/store/useProductStore.ts(1009,33): error TS2345: Argument of type 'unknown' is not assignable to parameter of type 'Error'.
src/store/useProductStore.ts(1010,54): error TS2345: Argument of type 'unknown' is not assignable to parameter of type 'Error'.
src/store/useProductStore.ts(1037,35): error TS2345: Argument of type 'unknown' is not assignable to parameter of type 'Error'.
src/store/useProductStore.ts(1104,34): error TS2339: Property 'getProductByIdInfo' does not exist on type '{ getProductsPaginated(page?: number, pageSize?: number, options?: any): Promise<ProductEnriched[]>; getAll(): Promise<ProductEnriched[]>; ... 22 more ...; getCategories(): Promise<...>; }'.
src/store/useProductStore.ts(1125,13): error TS18046: 'error' is of type 'unknown'.
src/store/useProductStore.ts(1133,20): error TS18046: 'error' is of type 'unknown'.
src/store/useProductStore.ts(1146,34): error TS2339: Property 'getProductByBarcodeInfo' does not exist on type '{ getProductsPaginated(page?: number, pageSize?: number, options?: any): Promise<ProductEnriched[]>; getAll(): Promise<ProductEnriched[]>; ... 22 more ...; getCategories(): Promise<...>; }'.
src/store/useProductStore.ts(1168,13): error TS18046: 'error' is of type 'unknown'.
src/store/useProductStore.ts(1176,20): error TS18046: 'error' is of type 'unknown'.
src/store/useProductStore.ts(1185,17): error TS2339: Property 'limit' does not exist on type '{}'.
src/store/useProductStore.ts(1185,29): error TS2339: Property 'signal' does not exist on type '{}'.
src/store/useProductStore.ts(1252,24): error TS2339: Property 'name' does not exist on type '{}'.
src/store/useProductStore.ts(1258,22): error TS2339: Property 'name' does not exist on type '{}'.
src/store/useProductStore.ts(1269,45): error TS2345: Argument of type 'unknown' is not assignable to parameter of type 'Error'.
src/store/useProductStore.ts(1274,33): error TS2345: Argument of type 'unknown' is not assignable to parameter of type 'Error'.
src/store/useProductStore.ts(1275,54): error TS2345: Argument of type 'unknown' is not assignable to parameter of type 'Error'.
src/store/useProductStore.ts(1314,13): error TS2322: Type '({ id: string; product_id: string; product_name: string; name: string; description: string; category_id: number; category_name: string; product_type: string; barcode: string; brand: string; origin: string; ... 12 more ...; updated_at: string; } | { ...; } | { ...; })[]' is not assignable to type 'never[]'.
  Type '{ id: string; product_id: string; product_name: string; name: string; description: string; category_id: number; category_name: string; product_type: string; barcode: string; brand: string; origin: string; ... 12 more ...; updated_at: string; } | { ...; } | { ...; }' is not assignable to type 'never'.
    Type '{ id: string; product_id: string; product_name: string; name: string; description: string; category_id: number; category_name: string; product_type: string; barcode: string; brand: string; origin: string; ... 12 more ...; updated_at: string; }' is not assignable to type 'never'.
src/store/useProductStore.ts(1325,17): error TS2322: Type 'any[]' is not assignable to type 'never[]'.
  Type 'any' is not assignable to type 'never'.
src/store/useProductStore.ts(1330,112): error TS18046: 'enrichedError' is of type 'unknown'.
src/store/useProductStore.ts(1350,15): error TS2698: Spread types may only be created from object types.
src/store/useProductStore.ts(1354,26): error TS2339: Property 'price' does not exist on type 'never'.
src/store/useProductStore.ts(1355,36): error TS2339: Property 'price' does not exist on type 'never'.
src/store/useProductStore.ts(1357,26): error TS2339: Property 'purchase_price' does not exist on type 'never'.
src/store/useProductStore.ts(1358,36): error TS2339: Property 'purchase_price' does not exist on type 'never'.
src/store/useProductStore.ts(1363,27): error TS2339: Property 'price' does not exist on type 'never'.
src/store/useProductStore.ts(1364,27): error TS2339: Property 'purchase_price' does not exist on type 'never'.
src/store/useProductStore.ts(1365,27): error TS2339: Property 'unit_prices' does not exist on type 'never'.
src/store/useProductStore.ts(1368,25): error TS2339: Property 'state' does not exist on type 'never'.
src/store/useProductStore.ts(1369,29): error TS2339: Property 'state' does not exist on type 'never'.
src/store/useProductStore.ts(1370,29): error TS2339: Property 'is_active' does not exist on type 'never'.
src/store/useProductStore.ts(1371,29): error TS2339: Property 'is_active' does not exist on type 'never'.
src/store/useProductStore.ts(1400,13): error TS18046: 'error' is of type 'unknown'.
src/store/useProductStore.ts(1412,20): error TS18046: 'error' is of type 'unknown'.
src/store/useProductStore.ts(1498,55): error TS2339: Property 'getProductByIdInfo' does not exist on type '{ getProductsPaginated(page?: number, pageSize?: number, options?: any): Promise<ProductEnriched[]>; getAll(): Promise<ProductEnriched[]>; ... 22 more ...; getCategories(): Promise<...>; }'.
src/store/useProductStore.ts(1547,20): error TS18046: 'error' is of type 'unknown'.
src/store/useProductStore.ts(1559,49): error TS2339: Property 'getProductById' does not exist on type '{ getProductsPaginated(page?: number, pageSize?: number, options?: any): Promise<ProductEnriched[]>; getAll(): Promise<ProductEnriched[]>; ... 22 more ...; getCategories(): Promise<...>; }'.
src/store/useProductStore.ts(1570,20): error TS18046: 'error' is of type 'unknown'.
src/store/useProductStore.ts(1581,26): error TS2339: Property 'validateProductData' does not exist on type '{ getProductsPaginated(page?: number, pageSize?: number, options?: any): Promise<ProductEnriched[]>; getAll(): Promise<ProductEnriched[]>; ... 22 more ...; getCategories(): Promise<...>; }'.
src/store/useProductStore.ts(1582,49): error TS2339: Property 'createProduct' does not exist on type '{ getProductsPaginated(page?: number, pageSize?: number, options?: any): Promise<ProductEnriched[]>; getAll(): Promise<ProductEnriched[]>; ... 22 more ...; getCategories(): Promise<...>; }'.
src/store/useProductStore.ts(1594,17): error TS6133: 's' is declared but its value is never read.
src/store/useProductStore.ts(1613,71): error TS2339: Property 'message' does not exist on type '{}'.
src/store/useProductStore.ts(1615,20): error TS18046: 'error' is of type 'unknown'.
src/store/useProductStore.ts(1626,26): error TS2339: Property 'validateProductData' does not exist on type '{ getProductsPaginated(page?: number, pageSize?: number, options?: any): Promise<ProductEnriched[]>; getAll(): Promise<ProductEnriched[]>; ... 22 more ...; getCategories(): Promise<...>; }'.
src/store/useProductStore.ts(1627,49): error TS2339: Property 'updateProduct' does not exist on type '{ getProductsPaginated(page?: number, pageSize?: number, options?: any): Promise<ProductEnriched[]>; getAll(): Promise<ProductEnriched[]>; ... 22 more ...; getCategories(): Promise<...>; }'.
src/store/useProductStore.ts(1642,17): error TS6133: 's' is declared but its value is never read.
src/store/useProductStore.ts(1672,71): error TS2339: Property 'message' does not exist on type '{}'.
src/store/useProductStore.ts(1674,20): error TS18046: 'error' is of type 'unknown'.
src/store/useProductStore.ts(1685,32): error TS2339: Property 'deleteProduct' does not exist on type '{ getProductsPaginated(page?: number, pageSize?: number, options?: any): Promise<ProductEnriched[]>; getAll(): Promise<ProductEnriched[]>; ... 22 more ...; getCategories(): Promise<...>; }'.
src/store/useProductStore.ts(1712,71): error TS2339: Property 'message' does not exist on type '{}'.
src/store/useProductStore.ts(1714,20): error TS18046: 'error' is of type 'unknown'.
src/store/useProductStore.ts(1726,32): error TS2339: Property 'reactivateProduct' does not exist on type '{ getProductsPaginated(page?: number, pageSize?: number, options?: any): Promise<ProductEnriched[]>; getAll(): Promise<ProductEnriched[]>; ... 22 more ...; getCategories(): Promise<...>; }'.
src/store/useProductStore.ts(1752,29): error TS2339: Property 'message' does not exist on type '{}'.
src/store/useProductStore.ts(1755,20): error TS18046: 'error' is of type 'unknown'.
src/store/useProductStore.ts(1880,15): error TS6133: 'prev' is declared but its value is never read.
src/store/useProductStore.ts(1894,42): error TS2339: Property 'updateProduct' does not exist on type '{ getProductsPaginated(page?: number, pageSize?: number, options?: any): Promise<ProductEnriched[]>; getAll(): Promise<ProductEnriched[]>; ... 22 more ...; getCategories(): Promise<...>; }'.
src/store/useProductStore.ts(1924,15): error TS6133: 'prev' is declared but its value is never read.
src/store/useProductStore.ts(1939,30): error TS2339: Property 'updateProduct' does not exist on type '{ getProductsPaginated(page?: number, pageSize?: number, options?: any): Promise<ProductEnriched[]>; getAll(): Promise<ProductEnriched[]>; ... 22 more ...; getCategories(): Promise<...>; }'.
src/store/useProductStore.ts(1975,32): error TS2339: Property 'updateProduct' does not exist on type '{ getProductsPaginated(page?: number, pageSize?: number, options?: any): Promise<ProductEnriched[]>; getAll(): Promise<ProductEnriched[]>; ... 22 more ...; getCategories(): Promise<...>; }'.
src/store/useProductStore.ts(2067,12): error TS2339: Property 'useProductStore' does not exist on type 'Window & typeof globalThis'.
src/store/usePurchaseStore.ts(4,1): error TS6133: 'telemetryService' is declared but its value is never read.
src/store/usePurchaseStore.ts(5,1): error TS6133: 'calculatePurchaseSalePriceGs' is declared but its value is never read.
src/store/usePurchaseStore.ts(139,50): error TS2339: Property 'totalRecords' does not exist on type '{ page: number; pageSize: number; totalPages: number | null; totalRecords: number | null; hasNext: boolean; hasPrevious: boolean; } | { page: number; pageSize: number; hasNext: boolean; hasPrevious: boolean; }'.
  Property 'totalRecords' does not exist on type '{ page: number; pageSize: number; hasNext: boolean; hasPrevious: boolean; }'.
src/store/usePurchaseStore.ts(140,50): error TS2339: Property 'totalPages' does not exist on type '{ page: number; pageSize: number; totalPages: number | null; totalRecords: number | null; hasNext: boolean; hasPrevious: boolean; } | { page: number; pageSize: number; hasNext: boolean; hasPrevious: boolean; }'.
  Property 'totalPages' does not exist on type '{ page: number; pageSize: number; hasNext: boolean; hasPrevious: boolean; }'.
src/store/useSaleStore.ts(5,1): error TS6133: 'DEMO_CONFIG_SALES' is declared but its value is never read.
src/store/useSaleStore.ts(9,3): error TS6133: 'SaleRequest' is declared but its value is never read.
src/store/useSaleStore.ts(12,3): error TS6133: 'SalePaymentStatusResponse' is declared but its value is never read.
src/store/useSaleStore.ts(115,7): error TS6133: 'mergeSalesByIdentifier' is declared but its value is never read.
src/store/useSaleStore.ts(158,9): error TS6133: 'hasNext' is declared but its value is never read.
src/store/useSaleStore.ts(159,9): error TS6133: 'hasPrevious' is declared but its value is never read.
src/store/useSaleStore.ts(367,24): error TS2339: Property 'success' does not exist on type '{ data: { id: number; client: { id: number; name: string; document_id: string; contact: string; }; total_amount: number; amount_paid: number; balance_due: number; currency: string; payment_status: string; ... 4 more ...; payments: { ...; }[]; }[]; pagination: { ...; }; } | { ...; } | { ...; }'.
  Property 'success' does not exist on type '{ data: { id: number; client: { id: number; name: string; document_id: string; contact: string; }; total_amount: number; amount_paid: number; balance_due: number; currency: string; payment_status: string; ... 4 more ...; payments: { ...; }[]; }[]; pagination: { ...; }; }'.
src/store/useSaleStore.ts(393,24): error TS2339: Property 'success' does not exist on type '{ data: { id: number; client: { id: number; name: string; document_id: string; contact: string; }; total_amount: number; amount_paid: number; balance_due: number; currency: string; payment_status: string; ... 4 more ...; payments: { ...; }[]; }[]; pagination: { ...; }; } | { ...; } | { ...; }'.
  Property 'success' does not exist on type '{ data: { id: number; client: { id: number; name: string; document_id: string; contact: string; }; total_amount: number; amount_paid: number; balance_due: number; currency: string; payment_status: string; ... 4 more ...; payments: { ...; }[]; }[]; pagination: { ...; }; }'.
src/store/useSaleStore.ts(418,24): error TS2339: Property 'success' does not exist on type '{ data: { id: number; client: { id: number; name: string; document_id: string; contact: string; }; total_amount: number; amount_paid: number; balance_due: number; currency: string; payment_status: string; ... 4 more ...; payments: { ...; }[]; }[]; pagination: { ...; }; } | { ...; } | { ...; }'.
  Property 'success' does not exist on type '{ data: { id: number; client: { id: number; name: string; document_id: string; contact: string; }; total_amount: number; amount_paid: number; balance_due: number; currency: string; payment_status: string; ... 4 more ...; payments: { ...; }[]; }[]; pagination: { ...; }; }'.
src/store/useSaleStore.ts(568,46): error TS2339: Property 'updateSale' does not exist on type '{ extractSalesAndPagination(response: any, fallback?: any): { data: any[]; pagination: { page: number; page_size: number; pageSize: number; total_pages: number | null; totalPages: number | null; ... 5 more ...; hasPrevious: boolean; }; }; ... 20 more ...; getTopSellingProducts(params?: any): Promise<...>; }'.
src/store/useSaleStore.ts(599,46): error TS2339: Property 'completeSale' does not exist on type '{ extractSalesAndPagination(response: any, fallback?: any): { data: any[]; pagination: { page: number; page_size: number; pageSize: number; total_pages: number | null; totalPages: number | null; ... 5 more ...; hasPrevious: boolean; }; }; ... 20 more ...; getTopSellingProducts(params?: any): Promise<...>; }'.
src/store/useSaleStore.ts(615,46): error TS2339: Property 'refundSale' does not exist on type '{ extractSalesAndPagination(response: any, fallback?: any): { data: any[]; pagination: { page: number; page_size: number; pageSize: number; total_pages: number | null; totalPages: number | null; ... 5 more ...; hasPrevious: boolean; }; }; ... 20 more ...; getTopSellingProducts(params?: any): Promise<...>; }'.
src/store/useSaleStore.ts(669,46): error TS2339: Property 'calculateTotal' does not exist on type '{ extractSalesAndPagination(response: any, fallback?: any): { data: any[]; pagination: { page: number; page_size: number; pageSize: number; total_pages: number | null; totalPages: number | null; ... 5 more ...; hasPrevious: boolean; }; }; ... 20 more ...; getTopSellingProducts(params?: any): Promise<...>; }'.
src/types.ts(138,3): error TS2687: All declarations of 'state' must have identical modifiers.
src/types.ts(145,3): error TS2687: All declarations of 'product_type' must have identical modifiers.
src/types.ts(146,3): error TS2687: All declarations of 'created_at' must have identical modifiers.
src/types.ts(147,3): error TS2687: All declarations of 'updated_at' must have identical modifiers.
src/types.ts(1572,3): error TS2717: Subsequent property declarations must have the same type.  Property 'description' must be of type 'string | undefined', but here has type 'string | null | undefined'.
src/types.ts(1602,3): error TS2687: All declarations of 'state' must have identical modifiers.
src/types.ts(1602,3): error TS2717: Subsequent property declarations must have the same type.  Property 'state' must be of type 'boolean | undefined', but here has type 'boolean'.
src/types.ts(1605,3): error TS2687: All declarations of 'product_type' must have identical modifiers.
src/types.ts(1605,3): error TS2717: Subsequent property declarations must have the same type.  Property 'product_type' must be of type 'string | undefined', but here has type 'string'.
src/types.ts(1613,3): error TS2687: All declarations of 'created_at' must have identical modifiers.
src/types.ts(1613,3): error TS2717: Subsequent property declarations must have the same type.  Property 'created_at' must be of type 'string | undefined', but here has type 'string'.
src/types.ts(1614,3): error TS2687: All declarations of 'updated_at' must have identical modifiers.
src/types.ts(1614,3): error TS2717: Subsequent property declarations must have the same type.  Property 'updated_at' must be of type 'string | undefined', but here has type 'string'.
src/types.ts(1615,3): error TS2717: Subsequent property declarations must have the same type.  Property 'description' must be of type 'string | undefined', but here has type 'string | null | undefined'.
src/types.ts(1618,18): error TS2430: Interface 'ProductEnriched' incorrectly extends interface 'Product'.
  Types of property 'stock_quantity' are incompatible.
    Type 'number | null | undefined' is not assignable to type 'number | undefined'.
      Type 'null' is not assignable to type 'number | undefined'.
